Warning: You are sending unauthenticated requests to the HF Hub. Please set a HF_TOKEN to enable higher rate limits and faster downloads.
/home/alexandregodoy/miniconda3/envs/av2av_env/lib/python3.10/site-packages/librosa/util/files.py:10: UserWarning: pkg_resources is deprecated as an API. See https://setuptools.pypa.io/en/latest/pkg_resources.html. The pkg_resources package is slated for removal as early as 2025-11-30. Refrain from using this package or pin to Setuptools<81.
  from pkg_resources import resource_filename
Loading Whisper (small)...
Loading MT model (facebook/nllb-200-distilled-600M)...
Loading weights:   0%|          | 0/512 [00:00<?, ?it/s]Loading weights: 100%|██████████| 512/512 [00:00<00:00, 34963.91it/s]

=== video1 ===
Transcribing PT source...
  PT: O valor das coisas e das pessoas não está no tempo que elas duram, mas na intensidade com que elas viveram. Por isso, existem coisas inexplicáveis, momentos inesquecíveis e pessoas incomparáveis.
Translating PT -> EN (pseudo-reference)...
  pseudo-ref EN: The value of things and people is not in how long they last, but in the intensity with which they have lived.
Transcribing baseline (pre-trained checkpoint) output...
  baseline hyp: The value of things and people is not in the time they last, but in the intensity with which they live. These unexplained colours, unforgettable moments and people comparing.
Transcribing fine-tuned checkpoint output...
  finetuned hyp: The value of things and people is not in the time they last, but in the intensity with which they live. These are unexplained colors, unforgettable moments, and uncomparing.
  BLEU: baseline=50.97 finetuned=49.40 | WER: baseline=0.500 finetuned=0.500

=== video2 ===
Transcribing PT source...
  PT: Superar uma perda não significa esquecer quem partiu, é conseguir ocupar o vazio com lembranças que mantém o seu sorriso vivo. O amor vai ser sempre o motivo para continuar, porque se foi, é por você, porque ficar. É por amor que você vai levantar da cama nos dias em que a falta não deixou nem dormir. É por amor que você vai voltar aos mesmos lugares, mas só encontrar saudade. É por amor que você começa a se permitir, a não desistir da felicidade. Eu sempre me pergunto o que as pessoas que partiram gostariam que estivessem nos fazendo, falando de momentos felizes, sorrindo, sendo o amor o motivo. Então resgata um sorriso e nem pense em parar, porque se foi, por você, por quem ficar. Legendas por Paulo Montenegro
Translating PT -> EN (pseudo-reference)...
  pseudo-ref EN: Overcoming a loss doesn't mean forgetting who left, it's about being able to fill the void with memories that keep your smile alive. Love will always be the reason to keep going, because if you left, it's because of you, why you stay. It's because of love that you'll get out of bed on days when the lack didn't stop or sleep. It's because of love that you'll go back to the same places, but only find longing. It's because of love that you start to allow yourself, not give up on happiness. I always wonder what the people who left would like us to be doing, talking about happy moments, smiling, being love the reason. So don't save a smile and think about stopping, because if it was for you, it would be for Montenegro.
Transcribing baseline (pre-trained checkpoint) output...
  baseline hyp: overcoming a loss doesn't mean forgetting who party has managed to occupy emptiness. Remember that your smile has a live love will always be a reason to continue because that was for you. Because remaining is by the love you will raise your house in the days when you lack. Don't let yourself speak. It's by love that you'll go back to the same places, but you'll find health and by love you begin to allow yourself to not decide to give up to happiness. I always asked myself what people who leave would like us to do. Speaking of happy moments, smiling, being, love, motivating, so rescue a smile and never think of stopping because it was for you because it stays.
Transcribing fine-tuned checkpoint output...
  finetuned hyp: overcoming a loss doesn't mean forgetting who partly managed to occupy emptiness. Remember that your smile has a live love will always be a reason to continue because that was for you. Because remaining is by the love you will raise your house in the days that you lack, doesn't let yourself speak. It's by love that you'll go back to the same places, but you'll find health and by love you begin to allow yourself to not decide to be happy. I always asked myself what people who leave would like us to do, speaking of happy moments, smiling, being, love, motivation, so rescue a smile and never think stop. Why did you stay?
  BLEU: baseline=23.28 finetuned=21.36 | WER: baseline=0.618 finetuned=0.662

=== video3 ===
Transcribing PT source...
  PT: Se tu me amas, ama-me baixinho. Não grites de cima dos telhados, deixem pais os passarinhos, deixem pais a mim. Se me queres, enfim, tem de ser bem devagarinho, amada, que a vida é breve, e o amor mais breve ainda. Do sempre lindo Mário Quintana...
Translating PT -> EN (pseudo-reference)...
  pseudo-ref EN: If you love me, love me lowly, don't scream from the rooftops, leave the birds to me, if you want me, you must be very slow, dear, because life is short, and love is shorter still, from the ever-beautiful Mario Quintana.
Transcribing baseline (pre-trained checkpoint) output...
  baseline hyp: If you take a bed, love me down, not right on top of the roof. Leave the pathogens, leave the pathogens. If you are, finally, and to be good at a lot vacation, that life is short and love, but shorter even, from the always beautiful Mario Contana.
Transcribing fine-tuned checkpoint output...
  finetuned hyp: If you take a bed, love me down, not dry on top of the roofs. Leave the pathogens. Leave the pathogens. If you want, finally, tend to be good at a lot of vacation. That life is short and loud, but shorter even, from the always beautiful Mario Contana.
  BLEU: baseline=8.67 finetuned=7.12 | WER: baseline=0.805 finetuned=0.829

=== video4 ===
Transcribing PT source...
  PT: A vida. A vida é difícil. Mas é bonita. A vida é instável. Mas é incrível! A vida pode ser até complicada. Mas é indescritível. A vida é uma só. E é única. Viverem, aproveitar e desfrutar, mas sobretudo, é aprender. A vida pode parecer longa, mas certamente é menos do que queremos viver. Por isso, viva de forma intensa, fazendo o que ama. E jamais desistindo de ti.
Translating PT -> EN (pseudo-reference)...
  pseudo-ref EN: Life. Life is hard. But it's beautiful. Life is unstable. But it's amazing. Life can be complicated. But it's indescribable. Life is one. And it's unique. Live, enjoy and enjoy, but most of all, it's learning. Life may seem long, but it's certainly less than we want to live. So live intensely, doing what you love. And never giving up on yourself.
Transcribing baseline (pre-trained checkpoint) output...
  baseline hyp: Life is difficult, but it is beautiful. Life is difficult, but it's amazing. Life can be so complicated. But in this riding, life is a sound, and it is unique, living to take advantage of enjoying more and more above all. It is learning. Life can look longer, but it's less than we want to live. That's why life has to do what you love and never exist again.
Transcribing fine-tuned checkpoint output...
  finetuned hyp: Life is difficult, but it is beautiful. Life is difficult, the most incredible. Life can be so complicated, but in this riding, life is a sound and it is unique, living to take advantage of enjoying more and more above all. It is learning. Life can seem longer, but it's less than we want to live. That's why life has to do what you love and never exist again.
  BLEU: baseline=23.44 finetuned=19.73 | WER: baseline=0.742 finetuned=0.790

Per-video results saved to _relatorio_dissertacao/asr_bleu_results.json

Corpus BLEU (todos os 4 vídeos): baseline=25.93  finetuned=23.69
